// Jest Snapshot v1, https://goo.gl/fbAQLP

exports[`List component renders the UI as expected 1`] = `
<section
  className="List"
>
  <header
    className="List-header"
  >
    <h2>
      header=
      testHeader
    </h2>
  </header>
  <div
    className="List-cards"
  >
    <section
      className="List"
    >
      <header
        className="List-header"
      >
        <h2 />
      </header>
      <div
        className="List-cards"
      >
        <div
          className="Card"
        >
          <button
            type="button"
          >
            delete
          </button>
          <h3>
            first card
          </h3>
          <p>
            first card content
          </p>
        </div>
        <div
          className="Card"
        >
          <button
            type="button"
          >
            delete
          </button>
          <h3>
            second card
          </h3>
          <p>
            second card content
          </p>
        </div>
        <div
          className="Card"
        >
          <button
            type="button"
          >
            delete
          </button>
          <h3>
            third card
          </h3>
          <p>
            third card content
          </p>
        </div>
        <button
          className="List-add-button"
          type="button"
        >
          + Add Random Card
        </button>
      </div>
    </section>
    <button
      className="List-add-button"
      type="button"
    >
      + Add Random Card
    </button>
  </div>
</section>
`;
